Starting a Gradle Daemon, 1 busy and 5 stopped Daemons could not be reused, use --status for details
> Task :raft-core:compileJava UP-TO-DATE
> Task :raft-core:processResources NO-SOURCE
> Task :raft-core:classes UP-TO-DATE
> Task :raft-core:jar UP-TO-DATE
> Task :raft-application-spring:compileJava UP-TO-DATE
> Task :raft-application-spring:processResources UP-TO-DATE
> Task :raft-application-spring:classes UP-TO-DATE
> Task :raft-application-spring:resolveMainClassName UP-TO-DATE
> Task :raft-application-spring:processAot UP-TO-DATE
> Task :raft-application-spring:compileAotJava UP-TO-DATE
> Task :raft-application-spring:processAotResources UP-TO-DATE
> Task :raft-application-spring:aotClasses UP-TO-DATE

> Task :raft-application-spring:bootRun

  .   ____          _            __ _ _
 /\\ / ___'_ __ _ _(_)_ __  __ _ \ \ \ \
( ( )\___ | '_ | '_| | '_ \/ _` | \ \ \ \
 \\/  ___)| |_)| | | | | || (_| |  ) ) ) )
  '  |____| .__|_| |_|_| |_\__, | / / / /
 =========|_|==============|___/=/_/_/_/

 :: Spring Boot ::                (v3.5.0)

2025-11-06T16:28:44.471Z  INFO 301072 --- [cafe-raft] [           main] g.g.c.application.CafeRaftApplication    : Starting CafeRaftApplication using Java 21.0.8 with PID 301072 (/home/rolando/Programacion/raft/cafe-raft/raft-application-spring/build/classes/java/main started by rolando in /home/rolando/Programacion/raft/cafe-raft/raft-application-spring)
2025-11-06T16:28:44.472Z  INFO 301072 --- [cafe-raft] [           main] g.g.c.application.CafeRaftApplication    : The following 1 profile is active: "rpc-rest"
2025-11-06T16:28:44.861Z  INFO 301072 --- [cafe-raft] [           main] faultConfiguringBeanFactoryPostProcessor : No bean named 'errorChannel' has been explicitly defined. Therefore, a default PublishSubscribeChannel will be created.
2025-11-06T16:28:44.865Z  INFO 301072 --- [cafe-raft] [           main] faultConfiguringBeanFactoryPostProcessor : No bean named 'integrationHeaderChannelRegistry' has been explicitly defined. Therefore, a default DefaultHeaderChannelRegistry will be created.
2025-11-06T16:28:45.302Z  INFO 301072 --- [cafe-raft] [           main] o.s.b.a.e.web.EndpointLinksResolver      : Exposing 2 endpoints beneath base path '/actuator'
2025-11-06T16:28:45.492Z  INFO 301072 --- [cafe-raft] [           main] o.s.i.endpoint.EventDrivenConsumer       : Adding {logging-channel-adapter:_org.springframework.integration.errorLogger} as a subscriber to the 'errorChannel' channel
2025-11-06T16:28:45.492Z  INFO 301072 --- [cafe-raft] [           main] o.s.i.channel.PublishSubscribeChannel    : Channel 'cafe-raft.errorChannel' has 1 subscriber(s).
2025-11-06T16:28:45.493Z  INFO 301072 --- [cafe-raft] [           main] o.s.i.endpoint.EventDrivenConsumer       : started bean '_org.springframework.integration.errorLogger'
2025-11-06T16:28:45.532Z  INFO 301072 --- [cafe-raft] [           main] o.s.b.web.embedded.netty.NettyWebServer  : Netty started on port 8081 (http)
2025-11-06T16:28:45.536Z  INFO 301072 --- [cafe-raft] [           main] g.g.c.application.CafeRaftApplication    : Started CafeRaftApplication in 1.265 seconds (process running for 1.39)
2025-11-06T16:28:45.538Z  INFO 301072 --- [cafe-raft] [           main] g.g.c.core.service.ClusterBootstrap      : Starting Node-1
2025-11-06T16:28:45.538Z  INFO 301072 --- [cafe-raft] [           main] gc.garcol.caferaft.core.log.LogManager   : Loading segments
2025-11-06T16:28:45.539Z  INFO 301072 --- [cafe-raft] [           main] gc.garcol.caferaft.core.log.LogManager   : Loaded segments
2025-11-06T16:28:45.561Z  INFO 301072 --- [cafe-raft] [           main] g.g.c.core.service.ClusterBootstrap      : Node-1 started
2025-11-06T16:28:45.562Z  INFO 301072 --- [cafe-raft] [       Thread-3] g.g.c.core.service.RaftLogicHandlerImpl  : Election timeout, convert to CANDIDATE
2025-11-06T16:28:45.620Z  INFO 301072 --- [cafe-raft] [       Thread-3] g.g.c.c.service.ClusterRpcHandlerImpl    : Detect higher term, convert to FOLLOWER
2025-11-06T16:28:45.639Z  INFO 301072 --- [cafe-raft] [       Thread-3] g.g.c.application.service.WasmEngine     : WASM desplegado (sin precompilación - runtime stub): wasm-min (4 bytes)
2025-11-06T16:28:45.640Z  INFO 301072 --- [cafe-raft] [       Thread-3] g.g.c.application.service.WasmEngine     : WASM desplegado (sin precompilación - runtime stub): simple (41 bytes)
2025-11-06T16:28:45.640Z  INFO 301072 --- [cafe-raft] [       Thread-3] g.g.c.application.service.WasmEngine     : WASM desplegado (sin precompilación - runtime stub): simple (41 bytes)
2025-11-06T16:29:06.926Z  INFO 301072 --- [cafe-raft] [       Thread-3] g.g.c.application.service.WasmEngine     : WASM desplegado (sin precompilación - runtime stub): simple (41 bytes)
