Starting a Gradle Daemon, 1 busy and 2 stopped Daemons could not be reused, use --status for details
> Task :raft-core:compileJava UP-TO-DATE
> Task :raft-core:processResources NO-SOURCE
> Task :raft-core:classes UP-TO-DATE
> Task :raft-core:jar UP-TO-DATE
> Task :raft-application-spring:compileJava UP-TO-DATE
> Task :raft-application-spring:processResources UP-TO-DATE
> Task :raft-application-spring:classes UP-TO-DATE
> Task :raft-application-spring:resolveMainClassName UP-TO-DATE
> Task :raft-application-spring:processAot UP-TO-DATE
> Task :raft-application-spring:compileAotJava UP-TO-DATE
> Task :raft-application-spring:processAotResources UP-TO-DATE
> Task :raft-application-spring:aotClasses UP-TO-DATE

> Task :raft-application-spring:bootRun

  .   ____          _            __ _ _
 /\\ / ___'_ __ _ _(_)_ __  __ _ \ \ \ \
( ( )\___ | '_ | '_| | '_ \/ _` | \ \ \ \
 \\/  ___)| |_)| | | | | || (_| |  ) ) ) )
  '  |____| .__|_| |_|_| |_\__, | / / / /
 =========|_|==============|___/=/_/_/_/

 :: Spring Boot ::                (v3.5.0)

2025-11-06T13:25:17.227Z  INFO 119371 --- [cafe-raft] [           main] g.g.c.application.CafeRaftApplication    : Starting CafeRaftApplication using Java 21.0.8 with PID 119371 (/home/rolando/Programacion/raft/cafe-raft/raft-application-spring/build/classes/java/main started by rolando in /home/rolando/Programacion/raft/cafe-raft/raft-application-spring)
2025-11-06T13:25:17.228Z  INFO 119371 --- [cafe-raft] [           main] g.g.c.application.CafeRaftApplication    : The following 1 profile is active: "rpc-rest"
2025-11-06T13:25:17.629Z  INFO 119371 --- [cafe-raft] [           main] faultConfiguringBeanFactoryPostProcessor : No bean named 'errorChannel' has been explicitly defined. Therefore, a default PublishSubscribeChannel will be created.
2025-11-06T13:25:17.633Z  INFO 119371 --- [cafe-raft] [           main] faultConfiguringBeanFactoryPostProcessor : No bean named 'integrationHeaderChannelRegistry' has been explicitly defined. Therefore, a default DefaultHeaderChannelRegistry will be created.
2025-11-06T13:25:18.073Z  INFO 119371 --- [cafe-raft] [           main] o.s.b.a.e.web.EndpointLinksResolver      : Exposing 2 endpoints beneath base path '/actuator'
2025-11-06T13:25:18.278Z  INFO 119371 --- [cafe-raft] [           main] o.s.i.endpoint.EventDrivenConsumer       : Adding {logging-channel-adapter:_org.springframework.integration.errorLogger} as a subscriber to the 'errorChannel' channel
2025-11-06T13:25:18.279Z  INFO 119371 --- [cafe-raft] [           main] o.s.i.channel.PublishSubscribeChannel    : Channel 'cafe-raft.errorChannel' has 1 subscriber(s).
2025-11-06T13:25:18.279Z  INFO 119371 --- [cafe-raft] [           main] o.s.i.endpoint.EventDrivenConsumer       : started bean '_org.springframework.integration.errorLogger'
2025-11-06T13:25:18.319Z  INFO 119371 --- [cafe-raft] [           main] o.s.b.web.embedded.netty.NettyWebServer  : Netty started on port 8081 (http)
2025-11-06T13:25:18.324Z  INFO 119371 --- [cafe-raft] [           main] g.g.c.application.CafeRaftApplication    : Started CafeRaftApplication in 1.284 seconds (process running for 1.397)
2025-11-06T13:25:18.325Z  INFO 119371 --- [cafe-raft] [           main] g.g.c.core.service.ClusterBootstrap      : Starting Node-1
2025-11-06T13:25:18.325Z  INFO 119371 --- [cafe-raft] [           main] gc.garcol.caferaft.core.log.LogManager   : Loading segments
2025-11-06T13:25:18.327Z  INFO 119371 --- [cafe-raft] [           main] gc.garcol.caferaft.core.log.LogManager   : Loaded segments
2025-11-06T13:25:18.350Z  INFO 119371 --- [cafe-raft] [           main] g.g.c.core.service.ClusterBootstrap      : Node-1 started
2025-11-06T13:25:18.350Z  INFO 119371 --- [cafe-raft] [       Thread-3] g.g.c.core.service.RaftLogicHandlerImpl  : Election timeout, convert to CANDIDATE
2025-11-06T13:25:18.399Z  INFO 119371 --- [cafe-raft] [       Thread-3] g.g.c.c.service.ClusterRpcHandlerImpl    : Detect higher term, convert to FOLLOWER
2025-11-06T13:25:18.499Z  INFO 119371 --- [cafe-raft] [       Thread-3] g.g.c.core.service.RaftLogicHandlerImpl  : Election timeout, convert to CANDIDATE
2025-11-06T13:25:18.556Z  INFO 119371 --- [cafe-raft] [       Thread-3] g.g.c.c.service.ClusterRpcHandlerImpl    : Detect higher term, convert to FOLLOWER
2025-11-06T13:25:18.657Z  INFO 119371 --- [cafe-raft] [       Thread-3] g.g.c.core.service.RaftLogicHandlerImpl  : Election timeout, convert to CANDIDATE
2025-11-06T13:25:18.774Z  INFO 119371 --- [cafe-raft] [       Thread-3] g.g.c.c.service.ClusterRpcHandlerImpl    : Detect higher term, convert to FOLLOWER
2025-11-06T13:25:18.874Z  INFO 119371 --- [cafe-raft] [       Thread-3] g.g.c.core.service.RaftLogicHandlerImpl  : Election timeout, convert to CANDIDATE
2025-11-06T13:25:18.951Z  INFO 119371 --- [cafe-raft] [       Thread-3] g.g.c.c.service.ClusterRpcHandlerImpl    : Detect higher term, convert to FOLLOWER
2025-11-06T13:25:19.052Z  INFO 119371 --- [cafe-raft] [       Thread-3] g.g.c.core.service.RaftLogicHandlerImpl  : Election timeout, convert to CANDIDATE
2025-11-06T13:25:19.148Z  INFO 119371 --- [cafe-raft] [       Thread-3] g.g.c.c.service.ClusterRpcHandlerImpl    : Detect higher term, convert to FOLLOWER
2025-11-06T13:25:19.248Z  INFO 119371 --- [cafe-raft] [       Thread-3] g.g.c.core.service.RaftLogicHandlerImpl  : Election timeout, convert to CANDIDATE
2025-11-06T13:25:19.385Z  INFO 119371 --- [cafe-raft] [       Thread-3] g.g.c.c.service.ClusterRpcHandlerImpl    : Detect higher term, convert to FOLLOWER
2025-11-06T13:25:19.485Z  INFO 119371 --- [cafe-raft] [       Thread-3] g.g.c.core.service.RaftLogicHandlerImpl  : Election timeout, convert to CANDIDATE
2025-11-06T13:25:19.546Z  INFO 119371 --- [cafe-raft] [       Thread-3] g.g.c.c.service.ClusterRpcHandlerImpl    : Detect higher term, convert to FOLLOWER
2025-11-06T13:25:19.647Z  INFO 119371 --- [cafe-raft] [       Thread-3] g.g.c.core.service.RaftLogicHandlerImpl  : Election timeout, convert to CANDIDATE
2025-11-06T13:25:19.742Z  INFO 119371 --- [cafe-raft] [       Thread-3] g.g.c.c.service.ClusterRpcHandlerImpl    : Detect higher term, convert to FOLLOWER
2025-11-06T13:25:19.842Z  INFO 119371 --- [cafe-raft] [       Thread-3] g.g.c.core.service.RaftLogicHandlerImpl  : Election timeout, convert to CANDIDATE
2025-11-06T13:25:19.948Z  INFO 119371 --- [cafe-raft] [       Thread-3] g.g.c.c.service.ClusterRpcHandlerImpl    : Detect higher term, convert to FOLLOWER
2025-11-06T13:25:20.048Z  INFO 119371 --- [cafe-raft] [       Thread-3] g.g.c.core.service.RaftLogicHandlerImpl  : Election timeout, convert to CANDIDATE
2025-11-06T13:25:20.164Z  INFO 119371 --- [cafe-raft] [       Thread-3] g.g.c.c.service.ClusterRpcHandlerImpl    : Detect higher term, convert to FOLLOWER
2025-11-06T13:25:20.264Z  INFO 119371 --- [cafe-raft] [       Thread-3] g.g.c.core.service.RaftLogicHandlerImpl  : Election timeout, convert to CANDIDATE
2025-11-06T13:25:20.394Z  INFO 119371 --- [cafe-raft] [       Thread-3] g.g.c.c.service.ClusterRpcHandlerImpl    : Detect higher term, convert to FOLLOWER
2025-11-06T13:25:20.494Z  INFO 119371 --- [cafe-raft] [       Thread-3] g.g.c.core.service.RaftLogicHandlerImpl  : Election timeout, convert to CANDIDATE
2025-11-06T13:25:20.546Z  INFO 119371 --- [cafe-raft] [       Thread-3] g.g.c.c.service.ClusterRpcHandlerImpl    : Detect higher term, convert to FOLLOWER
2025-11-06T13:25:20.647Z  INFO 119371 --- [cafe-raft] [       Thread-3] g.g.c.core.service.RaftLogicHandlerImpl  : Election timeout, convert to CANDIDATE
2025-11-06T13:25:20.765Z  INFO 119371 --- [cafe-raft] [       Thread-3] g.g.c.c.service.ClusterRpcHandlerImpl    : Detect higher term, convert to FOLLOWER
2025-11-06T13:25:20.865Z  INFO 119371 --- [cafe-raft] [       Thread-3] g.g.c.core.service.RaftLogicHandlerImpl  : Election timeout, convert to CANDIDATE
2025-11-06T13:25:21.053Z  INFO 119371 --- [cafe-raft] [       Thread-3] g.g.c.c.service.ClusterRpcHandlerImpl    : Received votes from majority of nodes, become LEADER

> Task :raft-application-spring:bootRun FAILED

FAILURE: Build failed with an exception.

* What went wrong:
Execution failed for task ':raft-application-spring:bootRun'.
> Process 'command '/usr/lib/jvm/java-21-openjdk-amd64/bin/java'' finished with non-zero exit value 137

* Try:
> Run with --stacktrace option to get the stack trace.
> Run with --info or --debug option to get more log output.
> Run with --scan to get full insights.
> Get more help at https://help.gradle.org.

BUILD FAILED in 15m 48s
9 actionable tasks: 1 executed, 8 up-to-date
