Starting a Gradle Daemon, 5 busy and 2 incompatible and 2 stopped Daemons could not be reused, use --status for details
> Task :raft-core:compileJava UP-TO-DATE
> Task :raft-core:processResources NO-SOURCE
> Task :raft-core:classes UP-TO-DATE
> Task :raft-core:jar UP-TO-DATE
> Task :raft-application-spring:compileJava UP-TO-DATE
> Task :raft-application-spring:processResources UP-TO-DATE
> Task :raft-application-spring:classes UP-TO-DATE
> Task :raft-application-spring:resolveMainClassName UP-TO-DATE
> Task :raft-application-spring:processAot SKIPPED
> Task :raft-application-spring:compileAotJava SKIPPED
> Task :raft-application-spring:processAotResources SKIPPED
> Task :raft-application-spring:aotClasses UP-TO-DATE

> Task :raft-application-spring:bootRun

  .   ____          _            __ _ _
 /\\ / ___'_ __ _ _(_)_ __  __ _ \ \ \ \
( ( )\___ | '_ | '_| | '_ \/ _` | \ \ \ \
 \\/  ___)| |_)| | | | | || (_| |  ) ) ) )
  '  |____| .__|_| |_|_| |_\__, | / / / /
 =========|_|==============|___/=/_/_/_/

 :: Spring Boot ::                (v3.5.0)

2025-11-17T13:38:19.630Z  INFO 106277 --- [cafe-raft] [           main] g.g.c.application.CafeRaftApplication    : Starting CafeRaftApplication using Java 21.0.8 with PID 106277 (/home/rolando/Programacion/raft/cafe-raft/raft-application-spring/build/classes/java/main started by rolando in /home/rolando/Programacion/raft/cafe-raft/raft-application-spring)
2025-11-17T13:38:19.630Z  INFO 106277 --- [cafe-raft] [           main] g.g.c.application.CafeRaftApplication    : The following 1 profile is active: "rpc-rest"
2025-11-17T13:38:19.962Z  INFO 106277 --- [cafe-raft] [           main] faultConfiguringBeanFactoryPostProcessor : No bean named 'errorChannel' has been explicitly defined. Therefore, a default PublishSubscribeChannel will be created.
2025-11-17T13:38:19.965Z  INFO 106277 --- [cafe-raft] [           main] faultConfiguringBeanFactoryPostProcessor : No bean named 'integrationHeaderChannelRegistry' has been explicitly defined. Therefore, a default DefaultHeaderChannelRegistry will be created.
2025-11-17T13:38:20.237Z  INFO 106277 --- [cafe-raft] [           main] g.g.c.a.substrate.SubstrateCapabilities  : Detectando capacidades del nodo Substrate...
2025-11-17T13:38:20.280Z  INFO 106277 --- [cafe-raft] [           main] g.g.c.a.substrate.SubstrateCapabilities  : Capacidades Substrate detectadas:
2025-11-17T13:38:20.280Z  INFO 106277 --- [cafe-raft] [           main] g.g.c.a.substrate.SubstrateCapabilities  :   - Métodos RPC contracts_*: false
2025-11-17T13:38:20.280Z  INFO 106277 --- [cafe-raft] [           main] g.g.c.a.substrate.SubstrateCapabilities  :   - contracts_instantiateWithCode: false
2025-11-17T13:38:20.280Z  INFO 106277 --- [cafe-raft] [           main] g.g.c.a.substrate.SubstrateCapabilities  :   - contracts_call: false
2025-11-17T13:38:20.280Z  INFO 106277 --- [cafe-raft] [           main] g.g.c.a.substrate.SubstrateCapabilities  :   - contracts_uploadCode: false
2025-11-17T13:38:20.280Z  INFO 106277 --- [cafe-raft] [           main] g.g.c.a.substrate.SubstrateCapabilities  :   - Total métodos disponibles: 102
2025-11-17T13:38:20.283Z  INFO 106277 --- [cafe-raft] [           main] g.g.c.application.service.WasmEngine     : WASM almacenado en modo Substrate (sin precompilación): wasm-min (4 bytes)
2025-11-17T13:38:20.283Z  INFO 106277 --- [cafe-raft] [           main] g.g.c.application.service.WasmEngine     : Módulo WASM restaurado desde disco: wasm-min
2025-11-17T13:38:20.283Z  INFO 106277 --- [cafe-raft] [           main] g.g.c.application.service.WasmEngine     : WASM almacenado en modo Substrate (sin precompilación): simple-valid (41 bytes)
2025-11-17T13:38:20.283Z  INFO 106277 --- [cafe-raft] [           main] g.g.c.application.service.WasmEngine     : Módulo WASM restaurado desde disco: simple-valid
2025-11-17T13:38:20.283Z  INFO 106277 --- [cafe-raft] [           main] g.g.c.application.service.WasmEngine     : WASM almacenado en modo Substrate (sin precompilación): test-state-call (41 bytes)
2025-11-17T13:38:20.283Z  INFO 106277 --- [cafe-raft] [           main] g.g.c.application.service.WasmEngine     : Módulo WASM restaurado desde disco: test-state-call
2025-11-17T13:38:20.283Z  INFO 106277 --- [cafe-raft] [           main] g.g.c.application.service.WasmEngine     : WASM almacenado en modo Substrate (sin precompilación): test-substrate-v42 (41 bytes)
2025-11-17T13:38:20.283Z  INFO 106277 --- [cafe-raft] [           main] g.g.c.application.service.WasmEngine     : Módulo WASM restaurado desde disco: test-substrate-v42
2025-11-17T13:38:20.283Z  INFO 106277 --- [cafe-raft] [           main] g.g.c.application.service.WasmEngine     : WASM almacenado en modo Substrate (sin precompilación): contrato (37935 bytes)
2025-11-17T13:38:20.283Z  INFO 106277 --- [cafe-raft] [           main] g.g.c.application.service.WasmEngine     : Módulo WASM restaurado desde disco: contrato
2025-11-17T13:38:20.283Z  INFO 106277 --- [cafe-raft] [           main] g.g.c.application.service.WasmEngine     : WASM almacenado en modo Substrate (sin precompilación): test-detection-1763144733 (8 bytes)
2025-11-17T13:38:20.283Z  INFO 106277 --- [cafe-raft] [           main] g.g.c.application.service.WasmEngine     : Módulo WASM restaurado desde disco: test-detection-1763144733
2025-11-17T13:38:20.283Z  INFO 106277 --- [cafe-raft] [           main] g.g.c.application.service.WasmEngine     : WASM almacenado en modo Substrate (sin precompilación): add-valid (41 bytes)
2025-11-17T13:38:20.283Z  INFO 106277 --- [cafe-raft] [           main] g.g.c.application.service.WasmEngine     : Módulo WASM restaurado desde disco: add-valid
2025-11-17T13:38:20.283Z  INFO 106277 --- [cafe-raft] [           main] g.g.c.application.service.WasmEngine     : WASM almacenado en modo Substrate (sin precompilación): simple (37935 bytes)
2025-11-17T13:38:20.283Z  INFO 106277 --- [cafe-raft] [           main] g.g.c.application.service.WasmEngine     : Módulo WASM restaurado desde disco: simple
2025-11-17T13:38:20.283Z  INFO 106277 --- [cafe-raft] [           main] g.g.c.application.service.WasmEngine     : WASM almacenado en modo Substrate (sin precompilación): Counter (37935 bytes)
2025-11-17T13:38:20.283Z  INFO 106277 --- [cafe-raft] [           main] g.g.c.application.service.WasmEngine     : Módulo WASM restaurado desde disco: Counter
2025-11-17T13:38:20.283Z  INFO 106277 --- [cafe-raft] [           main] g.g.c.application.service.WasmEngine     : WASM almacenado en modo Substrate (sin precompilación): test-final (41 bytes)
2025-11-17T13:38:20.283Z  INFO 106277 --- [cafe-raft] [           main] g.g.c.application.service.WasmEngine     : Módulo WASM restaurado desde disco: test-final
2025-11-17T13:38:20.283Z  INFO 106277 --- [cafe-raft] [           main] g.g.c.application.service.WasmEngine     : WASM almacenado en modo Substrate (sin precompilación): test-capabilities (8 bytes)
2025-11-17T13:38:20.283Z  INFO 106277 --- [cafe-raft] [           main] g.g.c.application.service.WasmEngine     : Módulo WASM restaurado desde disco: test-capabilities
2025-11-17T13:38:20.283Z  INFO 106277 --- [cafe-raft] [           main] g.g.c.application.service.WasmEngine     : WASM almacenado en modo Substrate (sin precompilación): add (41 bytes)
2025-11-17T13:38:20.283Z  INFO 106277 --- [cafe-raft] [           main] g.g.c.application.service.WasmEngine     : Módulo WASM restaurado desde disco: add
2025-11-17T13:38:20.283Z  INFO 106277 --- [cafe-raft] [           main] g.g.c.application.service.WasmEngine     : WASM almacenado en modo Substrate (sin precompilación): add-valid2 (41 bytes)
2025-11-17T13:38:20.283Z  INFO 106277 --- [cafe-raft] [           main] g.g.c.application.service.WasmEngine     : Módulo WASM restaurado desde disco: add-valid2
2025-11-17T13:38:20.343Z  INFO 106277 --- [cafe-raft] [           main] .a.c.DocumentSignerContractConfiguration : Registrando contrato documentSigner en ContractRegistry
2025-11-17T13:38:20.482Z  INFO 106277 --- [cafe-raft] [           main] o.s.b.a.e.web.EndpointLinksResolver      : Exposing 2 endpoints beneath base path '/actuator'
2025-11-17T13:38:20.648Z  INFO 106277 --- [cafe-raft] [           main] o.s.i.endpoint.EventDrivenConsumer       : Adding {logging-channel-adapter:_org.springframework.integration.errorLogger} as a subscriber to the 'errorChannel' channel
2025-11-17T13:38:20.649Z  INFO 106277 --- [cafe-raft] [           main] o.s.i.channel.PublishSubscribeChannel    : Channel 'cafe-raft.errorChannel' has 1 subscriber(s).
2025-11-17T13:38:20.649Z  INFO 106277 --- [cafe-raft] [           main] o.s.i.endpoint.EventDrivenConsumer       : started bean '_org.springframework.integration.errorLogger'
2025-11-17T13:38:20.684Z  INFO 106277 --- [cafe-raft] [           main] o.s.b.web.embedded.netty.NettyWebServer  : Netty started on port 8082 (http)
2025-11-17T13:38:20.688Z  INFO 106277 --- [cafe-raft] [           main] g.g.c.application.CafeRaftApplication    : Started CafeRaftApplication in 1.228 seconds (process running for 1.345)
2025-11-17T13:38:20.689Z  INFO 106277 --- [cafe-raft] [           main] g.g.c.core.service.ClusterBootstrap      : Starting Node-2
2025-11-17T13:38:20.689Z  INFO 106277 --- [cafe-raft] [           main] gc.garcol.caferaft.core.log.LogManager   : Loading segments
2025-11-17T13:38:20.691Z  INFO 106277 --- [cafe-raft] [           main] gc.garcol.caferaft.core.log.LogManager   : Loaded segments
2025-11-17T13:38:20.702Z  INFO 106277 --- [cafe-raft] [           main] g.g.c.core.service.ClusterBootstrap      : Node-2 started
2025-11-17T13:38:20.702Z  INFO 106277 --- [cafe-raft] [       Thread-2] g.g.c.core.service.RaftLogicHandlerImpl  : Election timeout, convert to CANDIDATE
2025-11-17T13:38:20.830Z  INFO 106277 --- [cafe-raft] [       Thread-2] g.g.c.c.service.ClusterRpcHandlerImpl    : Detect higher term, convert to FOLLOWER
2025-11-17T13:38:20.840Z  INFO 106277 --- [cafe-raft] [       Thread-2] g.g.c.application.service.WasmEngine     : WASM almacenado en modo Substrate (sin precompilación): wasm-min (4 bytes)
2025-11-17T13:38:20.841Z  WARN 106277 --- [cafe-raft] [       Thread-2] g.g.c.application.service.WasmEngine     : contracts_instantiateWithCode no disponible. Despliegue automático no soportado.
2025-11-17T13:38:20.841Z  INFO 106277 --- [cafe-raft] [       Thread-2] g.g.c.application.service.WasmEngine     : Por favor, despliega el contrato manualmente y registra la dirección con POST /contracts/wasm/register-address
2025-11-17T13:38:20.841Z  INFO 106277 --- [cafe-raft] [       Thread-2] g.g.c.application.service.WasmEngine     : WASM almacenado en modo Substrate (sin precompilación): simple (41 bytes)
2025-11-17T13:38:20.841Z  WARN 106277 --- [cafe-raft] [       Thread-2] g.g.c.application.service.WasmEngine     : contracts_instantiateWithCode no disponible. Despliegue automático no soportado.
2025-11-17T13:38:20.841Z  INFO 106277 --- [cafe-raft] [       Thread-2] g.g.c.application.service.WasmEngine     : Por favor, despliega el contrato manualmente y registra la dirección con POST /contracts/wasm/register-address
2025-11-17T13:38:20.841Z  INFO 106277 --- [cafe-raft] [       Thread-2] g.g.c.application.service.WasmEngine     : WASM almacenado en modo Substrate (sin precompilación): simple (41 bytes)
2025-11-17T13:38:20.841Z  WARN 106277 --- [cafe-raft] [       Thread-2] g.g.c.application.service.WasmEngine     : contracts_instantiateWithCode no disponible. Despliegue automático no soportado.
2025-11-17T13:38:20.841Z  INFO 106277 --- [cafe-raft] [       Thread-2] g.g.c.application.service.WasmEngine     : Por favor, despliega el contrato manualmente y registra la dirección con POST /contracts/wasm/register-address
2025-11-17T13:38:20.842Z  INFO 106277 --- [cafe-raft] [       Thread-2] g.g.c.application.service.WasmEngine     : WASM almacenado en modo Substrate (sin precompilación): simple (41 bytes)
2025-11-17T13:38:20.842Z  WARN 106277 --- [cafe-raft] [       Thread-2] g.g.c.application.service.WasmEngine     : contracts_instantiateWithCode no disponible. Despliegue automático no soportado.
2025-11-17T13:38:20.842Z  INFO 106277 --- [cafe-raft] [       Thread-2] g.g.c.application.service.WasmEngine     : Por favor, despliega el contrato manualmente y registra la dirección con POST /contracts/wasm/register-address
2025-11-17T13:38:20.842Z  INFO 106277 --- [cafe-raft] [       Thread-2] g.g.c.application.service.WasmEngine     : WASM almacenado en modo Substrate (sin precompilación): simple (41 bytes)
2025-11-17T13:38:20.842Z  WARN 106277 --- [cafe-raft] [       Thread-2] g.g.c.application.service.WasmEngine     : contracts_instantiateWithCode no disponible. Despliegue automático no soportado.
2025-11-17T13:38:20.842Z  INFO 106277 --- [cafe-raft] [       Thread-2] g.g.c.application.service.WasmEngine     : Por favor, despliega el contrato manualmente y registra la dirección con POST /contracts/wasm/register-address
2025-11-17T13:38:20.842Z  INFO 106277 --- [cafe-raft] [       Thread-2] g.g.c.application.service.WasmEngine     : WASM almacenado en modo Substrate (sin precompilación): simple (41 bytes)
2025-11-17T13:38:20.842Z  WARN 106277 --- [cafe-raft] [       Thread-2] g.g.c.application.service.WasmEngine     : contracts_instantiateWithCode no disponible. Despliegue automático no soportado.
2025-11-17T13:38:20.842Z  INFO 106277 --- [cafe-raft] [       Thread-2] g.g.c.application.service.WasmEngine     : Por favor, despliega el contrato manualmente y registra la dirección con POST /contracts/wasm/register-address
2025-11-17T13:38:20.843Z  INFO 106277 --- [cafe-raft] [       Thread-2] g.g.c.application.service.WasmEngine     : WASM almacenado en modo Substrate (sin precompilación): simple-valid (41 bytes)
2025-11-17T13:38:20.843Z  WARN 106277 --- [cafe-raft] [       Thread-2] g.g.c.application.service.WasmEngine     : contracts_instantiateWithCode no disponible. Despliegue automático no soportado.
2025-11-17T13:38:20.843Z  INFO 106277 --- [cafe-raft] [       Thread-2] g.g.c.application.service.WasmEngine     : Por favor, despliega el contrato manualmente y registra la dirección con POST /contracts/wasm/register-address
2025-11-17T13:38:20.843Z  INFO 106277 --- [cafe-raft] [       Thread-2] g.g.c.application.service.WasmEngine     : WASM almacenado en modo Substrate (sin precompilación): add (41 bytes)
2025-11-17T13:38:20.843Z  WARN 106277 --- [cafe-raft] [       Thread-2] g.g.c.application.service.WasmEngine     : contracts_instantiateWithCode no disponible. Despliegue automático no soportado.
2025-11-17T13:38:20.843Z  INFO 106277 --- [cafe-raft] [       Thread-2] g.g.c.application.service.WasmEngine     : Por favor, despliega el contrato manualmente y registra la dirección con POST /contracts/wasm/register-address
2025-11-17T13:38:20.843Z  INFO 106277 --- [cafe-raft] [       Thread-2] g.g.c.application.service.WasmEngine     : WASM almacenado en modo Substrate (sin precompilación): add-valid (41 bytes)
2025-11-17T13:38:20.843Z  WARN 106277 --- [cafe-raft] [       Thread-2] g.g.c.application.service.WasmEngine     : contracts_instantiateWithCode no disponible. Despliegue automático no soportado.
2025-11-17T13:38:20.843Z  INFO 106277 --- [cafe-raft] [       Thread-2] g.g.c.application.service.WasmEngine     : Por favor, despliega el contrato manualmente y registra la dirección con POST /contracts/wasm/register-address
2025-11-17T13:38:20.843Z  INFO 106277 --- [cafe-raft] [       Thread-2] g.g.c.application.service.WasmEngine     : WASM almacenado en modo Substrate (sin precompilación): add-valid2 (41 bytes)
2025-11-17T13:38:20.843Z  WARN 106277 --- [cafe-raft] [       Thread-2] g.g.c.application.service.WasmEngine     : contracts_instantiateWithCode no disponible. Despliegue automático no soportado.
2025-11-17T13:38:20.843Z  INFO 106277 --- [cafe-raft] [       Thread-2] g.g.c.application.service.WasmEngine     : Por favor, despliega el contrato manualmente y registra la dirección con POST /contracts/wasm/register-address
2025-11-17T13:38:20.844Z  INFO 106277 --- [cafe-raft] [       Thread-2] g.g.c.application.service.WasmEngine     : WASM almacenado en modo Substrate (sin precompilación): add (41 bytes)
2025-11-17T13:38:20.844Z  WARN 106277 --- [cafe-raft] [       Thread-2] g.g.c.application.service.WasmEngine     : contracts_instantiateWithCode no disponible. Despliegue automático no soportado.
2025-11-17T13:38:20.844Z  INFO 106277 --- [cafe-raft] [       Thread-2] g.g.c.application.service.WasmEngine     : Por favor, despliega el contrato manualmente y registra la dirección con POST /contracts/wasm/register-address
2025-11-17T13:38:20.844Z  INFO 106277 --- [cafe-raft] [       Thread-2] g.g.c.application.service.WasmEngine     : WASM almacenado en modo Substrate (sin precompilación): add (41 bytes)
2025-11-17T13:38:20.844Z  WARN 106277 --- [cafe-raft] [       Thread-2] g.g.c.application.service.WasmEngine     : contracts_instantiateWithCode no disponible. Despliegue automático no soportado.
2025-11-17T13:38:20.844Z  INFO 106277 --- [cafe-raft] [       Thread-2] g.g.c.application.service.WasmEngine     : Por favor, despliega el contrato manualmente y registra la dirección con POST /contracts/wasm/register-address
2025-11-17T13:38:20.844Z  INFO 106277 --- [cafe-raft] [       Thread-2] g.g.c.application.service.WasmEngine     : WASM almacenado en modo Substrate (sin precompilación): add (41 bytes)
2025-11-17T13:38:20.844Z  WARN 106277 --- [cafe-raft] [       Thread-2] g.g.c.application.service.WasmEngine     : contracts_instantiateWithCode no disponible. Despliegue automático no soportado.
2025-11-17T13:38:20.844Z  INFO 106277 --- [cafe-raft] [       Thread-2] g.g.c.application.service.WasmEngine     : Por favor, despliega el contrato manualmente y registra la dirección con POST /contracts/wasm/register-address
2025-11-17T13:38:20.845Z  INFO 106277 --- [cafe-raft] [       Thread-2] g.g.c.application.service.WasmEngine     : WASM almacenado en modo Substrate (sin precompilación): add (41 bytes)
2025-11-17T13:38:20.845Z  WARN 106277 --- [cafe-raft] [       Thread-2] g.g.c.application.service.WasmEngine     : contracts_instantiateWithCode no disponible. Despliegue automático no soportado.
2025-11-17T13:38:20.845Z  INFO 106277 --- [cafe-raft] [       Thread-2] g.g.c.application.service.WasmEngine     : Por favor, despliega el contrato manualmente y registra la dirección con POST /contracts/wasm/register-address
2025-11-17T13:38:20.845Z  INFO 106277 --- [cafe-raft] [       Thread-2] g.g.c.application.service.WasmEngine     : WASM almacenado en modo Substrate (sin precompilación): add (41 bytes)
2025-11-17T13:38:20.845Z  WARN 106277 --- [cafe-raft] [       Thread-2] g.g.c.application.service.WasmEngine     : contracts_instantiateWithCode no disponible. Despliegue automático no soportado.
2025-11-17T13:38:20.845Z  INFO 106277 --- [cafe-raft] [       Thread-2] g.g.c.application.service.WasmEngine     : Por favor, despliega el contrato manualmente y registra la dirección con POST /contracts/wasm/register-address
2025-11-17T13:38:20.845Z  INFO 106277 --- [cafe-raft] [       Thread-2] g.g.c.application.service.WasmEngine     : WASM almacenado en modo Substrate (sin precompilación): add (41 bytes)
2025-11-17T13:38:20.845Z  WARN 106277 --- [cafe-raft] [       Thread-2] g.g.c.application.service.WasmEngine     : contracts_instantiateWithCode no disponible. Despliegue automático no soportado.
2025-11-17T13:38:20.845Z  INFO 106277 --- [cafe-raft] [       Thread-2] g.g.c.application.service.WasmEngine     : Por favor, despliega el contrato manualmente y registra la dirección con POST /contracts/wasm/register-address
2025-11-17T13:38:20.845Z  INFO 106277 --- [cafe-raft] [       Thread-2] g.g.c.application.service.WasmEngine     : WASM almacenado en modo Substrate (sin precompilación): add (41 bytes)
2025-11-17T13:38:20.845Z  WARN 106277 --- [cafe-raft] [       Thread-2] g.g.c.application.service.WasmEngine     : contracts_instantiateWithCode no disponible. Despliegue automático no soportado.
2025-11-17T13:38:20.845Z  INFO 106277 --- [cafe-raft] [       Thread-2] g.g.c.application.service.WasmEngine     : Por favor, despliega el contrato manualmente y registra la dirección con POST /contracts/wasm/register-address
2025-11-17T13:38:20.846Z  INFO 106277 --- [cafe-raft] [       Thread-2] g.g.c.application.service.WasmEngine     : WASM almacenado en modo Substrate (sin precompilación): add (41 bytes)
2025-11-17T13:38:20.846Z  WARN 106277 --- [cafe-raft] [       Thread-2] g.g.c.application.service.WasmEngine     : contracts_instantiateWithCode no disponible. Despliegue automático no soportado.
2025-11-17T13:38:20.846Z  INFO 106277 --- [cafe-raft] [       Thread-2] g.g.c.application.service.WasmEngine     : Por favor, despliega el contrato manualmente y registra la dirección con POST /contracts/wasm/register-address
2025-11-17T13:38:20.846Z  INFO 106277 --- [cafe-raft] [       Thread-2] g.g.c.application.service.WasmEngine     : WASM almacenado en modo Substrate (sin precompilación): add (41 bytes)
2025-11-17T13:38:20.846Z  WARN 106277 --- [cafe-raft] [       Thread-2] g.g.c.application.service.WasmEngine     : contracts_instantiateWithCode no disponible. Despliegue automático no soportado.
2025-11-17T13:38:20.846Z  INFO 106277 --- [cafe-raft] [       Thread-2] g.g.c.application.service.WasmEngine     : Por favor, despliega el contrato manualmente y registra la dirección con POST /contracts/wasm/register-address
2025-11-17T13:38:20.846Z  INFO 106277 --- [cafe-raft] [       Thread-2] g.g.c.application.service.WasmEngine     : WASM almacenado en modo Substrate (sin precompilación): add (41 bytes)
2025-11-17T13:38:20.846Z  WARN 106277 --- [cafe-raft] [       Thread-2] g.g.c.application.service.WasmEngine     : contracts_instantiateWithCode no disponible. Despliegue automático no soportado.
2025-11-17T13:38:20.846Z  INFO 106277 --- [cafe-raft] [       Thread-2] g.g.c.application.service.WasmEngine     : Por favor, despliega el contrato manualmente y registra la dirección con POST /contracts/wasm/register-address
2025-11-17T13:38:20.846Z  INFO 106277 --- [cafe-raft] [       Thread-2] g.g.c.application.service.WasmEngine     : WASM almacenado en modo Substrate (sin precompilación): add (41 bytes)
2025-11-17T13:38:20.846Z  WARN 106277 --- [cafe-raft] [       Thread-2] g.g.c.application.service.WasmEngine     : contracts_instantiateWithCode no disponible. Despliegue automático no soportado.
2025-11-17T13:38:20.846Z  INFO 106277 --- [cafe-raft] [       Thread-2] g.g.c.application.service.WasmEngine     : Por favor, despliega el contrato manualmente y registra la dirección con POST /contracts/wasm/register-address
2025-11-17T13:38:20.852Z  INFO 106277 --- [cafe-raft] [       Thread-2] g.g.c.application.service.WasmEngine     : WASM almacenado en modo Substrate (sin precompilación): simple (41 bytes)
2025-11-17T13:38:20.852Z  WARN 106277 --- [cafe-raft] [       Thread-2] g.g.c.application.service.WasmEngine     : contracts_instantiateWithCode no disponible. Despliegue automático no soportado.
2025-11-17T13:38:20.852Z  INFO 106277 --- [cafe-raft] [       Thread-2] g.g.c.application.service.WasmEngine     : Por favor, despliega el contrato manualmente y registra la dirección con POST /contracts/wasm/register-address
2025-11-17T13:38:20.853Z  INFO 106277 --- [cafe-raft] [       Thread-2] g.g.c.application.service.WasmEngine     : WASM almacenado en modo Substrate (sin precompilación): contrato (37935 bytes)
2025-11-17T13:38:20.853Z  WARN 106277 --- [cafe-raft] [       Thread-2] g.g.c.application.service.WasmEngine     : contracts_instantiateWithCode no disponible. Despliegue automático no soportado.
2025-11-17T13:38:20.853Z  INFO 106277 --- [cafe-raft] [       Thread-2] g.g.c.application.service.WasmEngine     : Por favor, despliega el contrato manualmente y registra la dirección con POST /contracts/wasm/register-address
2025-11-17T13:38:20.854Z  INFO 106277 --- [cafe-raft] [       Thread-2] g.g.c.application.service.WasmEngine     : WASM almacenado en modo Substrate (sin precompilación): contrato (37935 bytes)
2025-11-17T13:38:20.854Z  WARN 106277 --- [cafe-raft] [       Thread-2] g.g.c.application.service.WasmEngine     : contracts_instantiateWithCode no disponible. Despliegue automático no soportado.
2025-11-17T13:38:20.854Z  INFO 106277 --- [cafe-raft] [       Thread-2] g.g.c.application.service.WasmEngine     : Por favor, despliega el contrato manualmente y registra la dirección con POST /contracts/wasm/register-address
2025-11-17T13:38:20.855Z  INFO 106277 --- [cafe-raft] [       Thread-2] g.g.c.application.service.WasmEngine     : WASM almacenado en modo Substrate (sin precompilación): add (41 bytes)
2025-11-17T13:38:20.855Z  WARN 106277 --- [cafe-raft] [       Thread-2] g.g.c.application.service.WasmEngine     : contracts_instantiateWithCode no disponible. Despliegue automático no soportado.
2025-11-17T13:38:20.855Z  INFO 106277 --- [cafe-raft] [       Thread-2] g.g.c.application.service.WasmEngine     : Por favor, despliega el contrato manualmente y registra la dirección con POST /contracts/wasm/register-address
2025-11-17T13:38:20.855Z  INFO 106277 --- [cafe-raft] [       Thread-2] g.g.c.application.service.WasmEngine     : WASM almacenado en modo Substrate (sin precompilación): simple (37935 bytes)
2025-11-17T13:38:20.855Z  WARN 106277 --- [cafe-raft] [       Thread-2] g.g.c.application.service.WasmEngine     : contracts_instantiateWithCode no disponible. Despliegue automático no soportado.
2025-11-17T13:38:20.855Z  INFO 106277 --- [cafe-raft] [       Thread-2] g.g.c.application.service.WasmEngine     : Por favor, despliega el contrato manualmente y registra la dirección con POST /contracts/wasm/register-address
2025-11-17T13:38:20.856Z  INFO 106277 --- [cafe-raft] [       Thread-2] g.g.c.application.service.WasmEngine     : WASM almacenado en modo Substrate (sin precompilación): simple (37935 bytes)
2025-11-17T13:38:20.857Z  WARN 106277 --- [cafe-raft] [       Thread-2] g.g.c.application.service.WasmEngine     : contracts_instantiateWithCode no disponible. Despliegue automático no soportado.
2025-11-17T13:38:20.857Z  INFO 106277 --- [cafe-raft] [       Thread-2] g.g.c.application.service.WasmEngine     : Por favor, despliega el contrato manualmente y registra la dirección con POST /contracts/wasm/register-address
2025-11-17T13:38:20.857Z  INFO 106277 --- [cafe-raft] [       Thread-2] g.g.c.application.service.WasmEngine     : WASM almacenado en modo Substrate (sin precompilación): test-state-call (41 bytes)
2025-11-17T13:38:20.857Z  WARN 106277 --- [cafe-raft] [       Thread-2] g.g.c.application.service.WasmEngine     : contracts_instantiateWithCode no disponible. Despliegue automático no soportado.
2025-11-17T13:38:20.857Z  INFO 106277 --- [cafe-raft] [       Thread-2] g.g.c.application.service.WasmEngine     : Por favor, despliega el contrato manualmente y registra la dirección con POST /contracts/wasm/register-address
2025-11-17T13:38:20.857Z  INFO 106277 --- [cafe-raft] [       Thread-2] g.g.c.application.service.WasmEngine     : WASM almacenado en modo Substrate (sin precompilación): test-substrate-v42 (41 bytes)
2025-11-17T13:38:20.857Z  WARN 106277 --- [cafe-raft] [       Thread-2] g.g.c.application.service.WasmEngine     : contracts_instantiateWithCode no disponible. Despliegue automático no soportado.
2025-11-17T13:38:20.857Z  INFO 106277 --- [cafe-raft] [       Thread-2] g.g.c.application.service.WasmEngine     : Por favor, despliega el contrato manualmente y registra la dirección con POST /contracts/wasm/register-address
2025-11-17T13:38:20.857Z  INFO 106277 --- [cafe-raft] [       Thread-2] g.g.c.application.service.WasmEngine     : WASM almacenado en modo Substrate (sin precompilación): test-capabilities (8 bytes)
2025-11-17T13:38:20.857Z  WARN 106277 --- [cafe-raft] [       Thread-2] g.g.c.application.service.WasmEngine     : contracts_instantiateWithCode no disponible. Despliegue automático no soportado.
2025-11-17T13:38:20.857Z  INFO 106277 --- [cafe-raft] [       Thread-2] g.g.c.application.service.WasmEngine     : Por favor, despliega el contrato manualmente y registra la dirección con POST /contracts/wasm/register-address
2025-11-17T13:38:20.858Z  INFO 106277 --- [cafe-raft] [       Thread-2] g.g.c.application.service.WasmEngine     : WASM almacenado en modo Substrate (sin precompilación): test-detection-1763144733 (8 bytes)
2025-11-17T13:38:20.858Z  WARN 106277 --- [cafe-raft] [       Thread-2] g.g.c.application.service.WasmEngine     : contracts_instantiateWithCode no disponible. Despliegue automático no soportado.
2025-11-17T13:38:20.858Z  INFO 106277 --- [cafe-raft] [       Thread-2] g.g.c.application.service.WasmEngine     : Por favor, despliega el contrato manualmente y registra la dirección con POST /contracts/wasm/register-address
2025-11-17T13:38:20.858Z  INFO 106277 --- [cafe-raft] [       Thread-2] g.g.c.application.service.WasmEngine     : WASM almacenado en modo Substrate (sin precompilación): test-final (41 bytes)
2025-11-17T13:38:20.858Z  WARN 106277 --- [cafe-raft] [       Thread-2] g.g.c.application.service.WasmEngine     : contracts_instantiateWithCode no disponible. Despliegue automático no soportado.
2025-11-17T13:38:20.858Z  INFO 106277 --- [cafe-raft] [       Thread-2] g.g.c.application.service.WasmEngine     : Por favor, despliega el contrato manualmente y registra la dirección con POST /contracts/wasm/register-address
2025-11-17T13:38:20.858Z  INFO 106277 --- [cafe-raft] [       Thread-2] g.g.c.application.service.WasmEngine     : WASM almacenado en modo Substrate (sin precompilación): test-substrate-v42 (41 bytes)
2025-11-17T13:38:20.858Z  WARN 106277 --- [cafe-raft] [       Thread-2] g.g.c.application.service.WasmEngine     : contracts_instantiateWithCode no disponible. Despliegue automático no soportado.
2025-11-17T13:38:20.858Z  INFO 106277 --- [cafe-raft] [       Thread-2] g.g.c.application.service.WasmEngine     : Por favor, despliega el contrato manualmente y registra la dirección con POST /contracts/wasm/register-address
2025-11-17T13:38:20.858Z  INFO 106277 --- [cafe-raft] [       Thread-2] g.g.c.application.service.WasmEngine     : WASM almacenado en modo Substrate (sin precompilación): test-substrate-v42 (41 bytes)
2025-11-17T13:38:20.858Z  WARN 106277 --- [cafe-raft] [       Thread-2] g.g.c.application.service.WasmEngine     : contracts_instantiateWithCode no disponible. Despliegue automático no soportado.
2025-11-17T13:38:20.858Z  INFO 106277 --- [cafe-raft] [       Thread-2] g.g.c.application.service.WasmEngine     : Por favor, despliega el contrato manualmente y registra la dirección con POST /contracts/wasm/register-address
2025-11-17T13:38:20.859Z  INFO 106277 --- [cafe-raft] [       Thread-2] g.g.c.application.service.WasmEngine     : WASM almacenado en modo Substrate (sin precompilación): Counter (37935 bytes)
2025-11-17T13:38:20.859Z  WARN 106277 --- [cafe-raft] [       Thread-2] g.g.c.application.service.WasmEngine     : contracts_instantiateWithCode no disponible. Despliegue automático no soportado.
2025-11-17T13:38:20.859Z  INFO 106277 --- [cafe-raft] [       Thread-2] g.g.c.application.service.WasmEngine     : Por favor, despliega el contrato manualmente y registra la dirección con POST /contracts/wasm/register-address
2025-11-17T13:40:42.366Z  INFO 106277 --- [cafe-raft] [       Thread-2] g.g.c.core.service.RaftLogicHandlerImpl  : Election timeout, convert to CANDIDATE
2025-11-17T13:40:42.534Z  INFO 106277 --- [cafe-raft] [       Thread-2] g.g.c.c.service.ClusterRpcHandlerImpl    : Received votes from majority of nodes, become LEADER
2025-11-17T13:40:53.243Z  INFO 106277 --- [cafe-raft] [ionShutdownHook] g.g.c.core.service.ClusterBootstrap      : Node-2 stopping
2025-11-17T13:40:53.245Z  INFO 106277 --- [cafe-raft] [ionShutdownHook] o.s.b.w.embedded.netty.GracefulShutdown  : Commencing graceful shutdown. Waiting for active requests to complete
2025-11-17T13:40:53.247Z  INFO 106277 --- [cafe-raft] [ netty-shutdown] o.s.b.w.embedded.netty.GracefulShutdown  : Graceful shutdown complete
2025-11-17T13:40:55.258Z  INFO 106277 --- [cafe-raft] [ionShutdownHook] o.s.i.endpoint.EventDrivenConsumer       : Removing {logging-channel-adapter:_org.springframework.integration.errorLogger} as a subscriber to the 'errorChannel' channel
2025-11-17T13:40:55.258Z  INFO 106277 --- [cafe-raft] [ionShutdownHook] o.s.i.channel.PublishSubscribeChannel    : Channel 'cafe-raft.errorChannel' has 0 subscriber(s).
2025-11-17T13:40:55.259Z  INFO 106277 --- [cafe-raft] [ionShutdownHook] o.s.i.endpoint.EventDrivenConsumer       : stopped bean '_org.springframework.integration.errorLogger'

> Task :raft-application-spring:bootRun FAILED

FAILURE: Build failed with an exception.

* What went wrong:
Execution failed for task ':raft-application-spring:bootRun'.
> Process 'command '/usr/lib/jvm/java-21-openjdk-amd64/bin/java'' finished with non-zero exit value 143

* Try:
> Run with --stacktrace option to get the stack trace.
> Run with --info or --debug option to get more log output.
> Run with --scan to get full insights.
> Get more help at https://help.gradle.org.

BUILD FAILED in 2m 40s
6 actionable tasks: 1 executed, 5 up-to-date
