Starting a Gradle Daemon, 3 busy and 1 incompatible Daemons could not be reused, use --status for details
> Task :raft-core:compileJava UP-TO-DATE
> Task :raft-core:processResources NO-SOURCE
> Task :raft-core:classes UP-TO-DATE
> Task :raft-core:jar UP-TO-DATE
> Task :raft-application-spring:compileJava UP-TO-DATE
> Task :raft-application-spring:processResources UP-TO-DATE
> Task :raft-application-spring:classes UP-TO-DATE
> Task :raft-application-spring:resolveMainClassName UP-TO-DATE
> Task :raft-application-spring:processAot UP-TO-DATE
> Task :raft-application-spring:compileAotJava UP-TO-DATE
> Task :raft-application-spring:processAotResources UP-TO-DATE
> Task :raft-application-spring:aotClasses UP-TO-DATE

> Task :raft-application-spring:bootRun

  .   ____          _            __ _ _
 /\\ / ___'_ __ _ _(_)_ __  __ _ \ \ \ \
( ( )\___ | '_ | '_| | '_ \/ _` | \ \ \ \
 \\/  ___)| |_)| | | | | || (_| |  ) ) ) )
  '  |____| .__|_| |_|_| |_\__, | / / / /
 =========|_|==============|___/=/_/_/_/

 :: Spring Boot ::                (v3.5.0)

2025-11-05T14:54:45.257Z  INFO 161673 --- [cafe-raft] [           main] g.g.c.application.CafeRaftApplication    : Starting CafeRaftApplication using Java 21.0.8 with PID 161673 (/home/rolando/Programacion/raft/cafe-raft/raft-application-spring/build/classes/java/main started by rolando in /home/rolando/Programacion/raft/cafe-raft/raft-application-spring)
2025-11-05T14:54:45.258Z  INFO 161673 --- [cafe-raft] [           main] g.g.c.application.CafeRaftApplication    : The following 1 profile is active: "rpc-rest"
2025-11-05T14:54:45.768Z  INFO 161673 --- [cafe-raft] [           main] faultConfiguringBeanFactoryPostProcessor : No bean named 'errorChannel' has been explicitly defined. Therefore, a default PublishSubscribeChannel will be created.
2025-11-05T14:54:45.774Z  INFO 161673 --- [cafe-raft] [           main] faultConfiguringBeanFactoryPostProcessor : No bean named 'integrationHeaderChannelRegistry' has been explicitly defined. Therefore, a default DefaultHeaderChannelRegistry will be created.
2025-11-05T14:54:46.311Z  INFO 161673 --- [cafe-raft] [           main] o.s.b.a.e.web.EndpointLinksResolver      : Exposing 2 endpoints beneath base path '/actuator'
2025-11-05T14:54:46.530Z  INFO 161673 --- [cafe-raft] [           main] o.s.i.endpoint.EventDrivenConsumer       : Adding {logging-channel-adapter:_org.springframework.integration.errorLogger} as a subscriber to the 'errorChannel' channel
2025-11-05T14:54:46.531Z  INFO 161673 --- [cafe-raft] [           main] o.s.i.channel.PublishSubscribeChannel    : Channel 'cafe-raft.errorChannel' has 1 subscriber(s).
2025-11-05T14:54:46.531Z  INFO 161673 --- [cafe-raft] [           main] o.s.i.endpoint.EventDrivenConsumer       : started bean '_org.springframework.integration.errorLogger'
2025-11-05T14:54:48.613Z  INFO 161673 --- [cafe-raft] [           main] o.s.i.endpoint.EventDrivenConsumer       : Removing {logging-channel-adapter:_org.springframework.integration.errorLogger} as a subscriber to the 'errorChannel' channel
2025-11-05T14:54:48.613Z  INFO 161673 --- [cafe-raft] [           main] o.s.i.channel.PublishSubscribeChannel    : Channel 'cafe-raft.errorChannel' has 0 subscriber(s).
2025-11-05T14:54:48.613Z  INFO 161673 --- [cafe-raft] [           main] o.s.i.endpoint.EventDrivenConsumer       : stopped bean '_org.springframework.integration.errorLogger'
2025-11-05T14:54:48.613Z  WARN 161673 --- [cafe-raft] [           main] onfigReactiveWebServerApplicationContext : Exception encountered during context initialization - cancelling refresh attempt: org.springframework.context.ApplicationContextException: Failed to start bean 'webServerStartStop'
2025-11-05T14:54:48.619Z  INFO 161673 --- [cafe-raft] [           main] .s.b.a.l.ConditionEvaluationReportLogger : 

Error starting ApplicationContext. To display the condition evaluation report re-run your application with 'debug' enabled.
2025-11-05T14:54:48.625Z ERROR 161673 --- [cafe-raft] [           main] o.s.b.d.LoggingFailureAnalysisReporter   : 

***************************
APPLICATION FAILED TO START
***************************

Description:

Web server failed to start. Port 8080 was already in use.

Action:

Identify and stop the process that's listening on port 8080 or configure this application to listen on another port.


> Task :raft-application-spring:bootRun FAILED

FAILURE: Build failed with an exception.

* What went wrong:
Execution failed for task ':raft-application-spring:bootRun'.
> Process 'command '/usr/lib/jvm/java-21-openjdk-amd64/bin/java'' finished with non-zero exit value 1

* Try:
> Run with --stacktrace option to get the stack trace.
> Run with --info or --debug option to get more log output.
> Run with --scan to get full insights.
> Get more help at https://help.gradle.org.

BUILD FAILED in 10s
9 actionable tasks: 1 executed, 8 up-to-date
